// Jest Snapshot v1, https://goo.gl/fbAQLP

exports[`Components ICheckboxGroup should render correctly 1`] = `
<div class="form-group checkbox-group -light -md" name="checkbox-group" role="checkboxgroup">
  <div class="checkbox -light" role="checkbox"><input type="checkbox" tabindex="-1" name="checkbox-1"><label class="checkbox-label" aria-checked="false" tabindex="1"></label></div>
  <div class="checkbox -light" role="checkbox"><input type="checkbox" tabindex="-1" name="checkbox-2"><label class="checkbox-label" aria-checked="false" tabindex="1"></label></div>
  <div class="checkbox -light" role="checkbox"><input type="checkbox" tabindex="-1" name="checkbox-3"><label class="checkbox-label" aria-checked="false" tabindex="1"></label></div>
</div>
`;
