// Jest Snapshot v1, https://goo.gl/fbAQLP

exports[`mixins FormComponentMixin should render correctly 1`] = `<input>`;
