// Jest Snapshot v1, https://goo.gl/fbAQLP

exports[`Components IMark should render correctly 1`] = `<span>The quick brown <mark>fox</mark> jumps over the lazy dog</span>`;
