// Jest Snapshot v1, https://goo.gl/fbAQLP

exports[`Components Button should render correctly 1`] = `<div role="checkboxgroup" class="button-group form-group -checkbox"></div>`;
