// Jest Snapshot v1, https://goo.gl/fbAQLP

exports[`Components CheckboxButtonGroup should render correctly 1`] = `<i-button-group-stub role="checkboxgroup" class="form-group -checkbox"></i-button-group-stub>`;
