// Jest Snapshot v1, https://goo.gl/fbAQLP

exports[`Components DropdownDivider should render correctly 1`] = `
<button tag="button" tabindex="1" class="button">
  <!---->
  <!---->
  <!----></button>
`;
