// Jest Snapshot v1, https://goo.gl/fbAQLP

exports[`Components Form should render correctly 1`] = `<div role="inputgroup" class="form-group"></div>`;
