// Jest Snapshot v1, https://goo.gl/fbAQLP

exports[`Components FormError should render correctly 1`] = `undefined`;
