// Jest Snapshot v1, https://goo.gl/fbAQLP

exports[`Components NavbarItems should render correctly 1`] = `<div class="items"></div>`;
