// Jest Snapshot v1, https://goo.gl/fbAQLP

exports[`Components Navbar should render correctly 1`] = `
<div class="navbar">
  <div class="container"></div>
</div>
`;
