// Jest Snapshot v1, https://goo.gl/fbAQLP

exports[`Components ProgressBar should render correctly 1`] = `
<div class="alert">
  <!---->
  <div class="content"></div>
  <!---->
</div>
`;
