// Jest Snapshot v1, https://goo.gl/fbAQLP

exports[`Components RadioButton should render correctly 1`] = `<i-button-stub activeclass="-active" tag="button" size="" tabindex="1" variant="" class="-radio -custom"><input type="radio" name="" value=""> </i-button-stub>`;
