// Jest Snapshot v1, https://goo.gl/fbAQLP

exports[`Components RadioButtonGroup should render correctly 1`] = `<div role="radiogroup" class="button-group form-group -radio"></div>`;
