// Jest Snapshot v1, https://goo.gl/fbAQLP

exports[`Components Select should render correctly 1`] = `
<div size="" tabindex="-1" class="dropdown select">
  <div class="form-input-group" aria-haspopup="list" aria-controls="dropdown-menu-f26zq37i2">
    <!---->
    <div class="form-input">
      <!---->
      <!----> <input tabindex="1" readonly="readonly" aria-readonly="true"></div>
    <!---->
  </div>
  <!---->
  <div class="dropdown-menu" style="display: none;" name="zoom-in-top-transition" id="dropdown-menu-f26zq37i2"><span class="arrow"></span> </div>
</div>
`;
