// Jest Snapshot v1, https://goo.gl/fbAQLP

exports[`Components IMedia should render correctly 1`] = `
<div class="media" color="light" size="md">
  <div class="media-body"></div>
</div>
`;
