// Jest Snapshot v1, https://goo.gl/fbAQLP

exports[`Components Alert should render correctly 1`] = `
<div class="alert -undefined">
  <!---->
  <div class="content"></div>
  <!---->
</div>
`;
