// Jest Snapshot v1, https://goo.gl/fbAQLP

exports[`Components Dropdown should render correctly 1`] = `
<div id="dropdown" class="dropdown -undefined"><button aria-haspopup="dropdown" aria-controls="dropdown"></button>
  <transition-stub name="zoom-in-top-transition" id="dropdown">
    <div class="menu -undefined" style="display: none;"><span class="arrow"></span> </div>
  </transition-stub>
</div>
`;
