// Jest Snapshot v1, https://goo.gl/fbAQLP

exports[`Components HamburgerMenu should render correctly 1`] = `<div class="hamburger -undefined -close"><span class="bars"></span></div>`;
