// Jest Snapshot v1, https://goo.gl/fbAQLP

exports[`Components Loader should render correctly 1`] = `
<div class="loader -undefined">
  <!----> <span class="loader-item"></span><span class="loader-item"></span><span class="loader-item"></span><span class="loader-item"></span><span class="loader-item"></span><span class="loader-item"></span><span class="loader-item"></span><span class="loader-item"></span><span class="loader-item"></span><span class="loader-item"></span><span class="loader-item"></span><span class="loader-item"></span></div>
`;
