// Jest Snapshot v1, https://goo.gl/fbAQLP

exports[`Components IIcon should render correctly 1`] = `<i size="md" icon="ink-plus"></i>`;
