// Jest Snapshot v1, https://goo.gl/fbAQLP

exports[`Components ICollapsible should render correctly 1`] = `
<div class="collapsible -light -md" role="tablist" aria-multiselectable="true">
  <div class="collapsible-item"><a class="collapsible-header" role="tab" id="collapsible-item-heading-collapsible-item-1" aria-expanded="false" aria-controls="collapsible-item-content-collapsible-item-1" aria-describedby="collapsible-item-content-collapsible-item-1" tabindex="0"><i class="icon"></i></a>
    <transition-stub>
      <div class="collapsible-body" role="tabpanel" id="collapsible-item-content-collapsible-item-1" aria-hidden="true" aria-labelledby="collapsible-item-heading-collapsible-item-1" style="display: none;">
        <div class="content"></div>
      </div>
    </transition-stub>
  </div>
  <div class="collapsible-item"><a class="collapsible-header" role="tab" id="collapsible-item-heading-collapsible-item-2" aria-expanded="false" aria-controls="collapsible-item-content-collapsible-item-2" aria-describedby="collapsible-item-content-collapsible-item-2" tabindex="0"><i class="icon"></i></a>
    <transition-stub>
      <div class="collapsible-body" role="tabpanel" id="collapsible-item-content-collapsible-item-2" aria-hidden="true" aria-labelledby="collapsible-item-heading-collapsible-item-2" style="display: none;">
        <div class="content"></div>
      </div>
    </transition-stub>
  </div>
</div>
`;
