// Jest Snapshot v1, https://goo.gl/fbAQLP

exports[`Components IColumn should render correctly 1`] = `<div class="column -xs-12 -sm-12 -md-12 -lg-12 -xl-12 -xxl-12"></div>`;
