// Jest Snapshot v1, https://goo.gl/fbAQLP

exports[`Components IHeader should render correctly 1`] = `
<header class="header -light -md">
  <div class="container">
    <div class="row">
      <div class="column"></div>
    </div>
  </div>
</header>
`;
