// Jest Snapshot v1, https://goo.gl/fbAQLP

exports[`Components IHamburgerMenu should render correctly 1`] = `<div class="hamburger-menu -light -close"><span class="hamburger-menu-bars"></span></div>`;
