// Jest Snapshot v1, https://goo.gl/fbAQLP

exports[`Components ICard should render correctly 1`] = `
<div class="card -light -md">
  <!--v-if-->
  <!--v-if-->
  <!--v-if-->
</div>
`;
